[    0.000000] Initializing cgroup subsys cpuset
[    0.000000] Initializing cgroup subsys cpu
[    0.000000] Initializing cgroup subsys cpuacct
[    0.000000] Linux version 4.4.0-210-generic (buildd@lgw01-amd64-009) (gcc version 5.4.0 20160609 (Ubuntu 5.4.0-6ubuntu1~16.04.12) ) #242-Ubuntu SMP Fri Apr 16 09:57:56 UTC 2021 (Ubuntu 4.4.0-210.242-generic 4.4.262)
[    0.000000] Command line: BOOT_IMAGE=/boot/vmlinuz-4.4.0-210-generic root=LABEL=cloudimg-rootfs ro console=tty1 console=ttyS0
[    0.000000] KERNEL supported cpus:
[    0.000000]   Intel GenuineIntel
[    0.000000]   AMD AuthenticAMD
[    0.000000]   Centaur CentaurHauls
[    0.000000] x86/fpu: Legacy x87 FPU detected.
[    0.000000] e820: BIOS-provided physical RAM map:
[    0.000000] BIOS-e820: [mem 0x0000000000000000-0x000000000009fbff] usable
[    0.000000] BIOS-e820: [mem 0x000000000009fc00-0x000000000009ffff] reserved
[    0.000000] BIOS-e820: [mem 0x00000000000f0000-0x00000000000fffff] reserved
[    0.000000] BIOS-e820: [mem 0x0000000000100000-0x000000003ffeffff] usable
[    0.000000] BIOS-e820: [mem 0x000000003fff0000-0x000000003fffffff] ACPI data
[    0.000000] BIOS-e820: [mem 0x00000000fec00000-0x00000000fec00fff] reserved
[    0.000000] BIOS-e820: [mem 0x00000000fee00000-0x00000000fee00fff] reserved
[    0.000000] BIOS-e820: [mem 0x00000000fffc0000-0x00000000ffffffff] reserved
[    0.000000] NX (Execute Disable) protection: active
[    0.000000] SMBIOS 2.5 present.
[    0.000000] Hypervisor detected: KVM
[    0.000000] e820: last_pfn = 0x3fff0 max_arch_pfn = 0x400000000
[    0.000000] MTRR: Disabled
[    0.000000] x86/PAT: MTRRs disabled, skipping PAT initialization too.
[    0.000000] CPU MTRRs all blank - virtualized system.
[    0.000000] x86/PAT: Configuration [0-7]: WB  WT  UC- UC  WB  WT  UC- UC  
[    0.000000] found SMP MP-table at [mem 0x0009fff0-0x0009ffff] mapped at [ffff88000009fff0]
[    0.000000] Scanning 1 areas for low memory corruption
[    0.000000] RAMDISK: [mem 0x362dc000-0x37165fff]
[    0.000000] ACPI: Early table checksum verification disabled
[    0.000000] ACPI: RSDP 0x00000000000E0000 000024 (v02 VBOX  )
[    0.000000] ACPI: XSDT 0x000000003FFF0030 00003C (v01 VBOX   VBOXXSDT 00000001 ASL  00000061)
[    0.000000] ACPI: FACP 0x000000003FFF00F0 0000F4 (v04 VBOX   VBOXFACP 00000001 ASL  00000061)
[    0.000000] ACPI: DSDT 0x000000003FFF0610 002353 (v02 VBOX   VBOXBIOS 00000002 INTL 20100528)
[    0.000000] ACPI: FACS 0x000000003FFF0200 000040
[    0.000000] ACPI: FACS 0x000000003FFF0200 000040
[    0.000000] ACPI: APIC 0x000000003FFF0240 00005C (v02 VBOX   VBOXAPIC 00000001 ASL  00000061)
[    0.000000] ACPI: SSDT 0x000000003FFF02A0 00036C (v01 VBOX   VBOXCPUT 00000002 INTL 20100528)
[    0.000000] No NUMA configuration found
[    0.000000] Faking a node at [mem 0x0000000000000000-0x000000003ffeffff]
[    0.000000] NODE_DATA(0) allocated [mem 0x3ffeb000-0x3ffeffff]
[    0.000000] kvm-clock: Using msrs 4b564d01 and 4b564d00
[    0.000000] kvm-clock: cpu 0, msr 0:3ffe3001, primary cpu clock
[    0.000000] kvm-clock: using sched offset of 4423836713 cycles
[    0.000000] clocksource: kvm-clock: mask: 0xffffffffffffffff max_cycles: 0x1cd42e4dffb, max_idle_ns: 881590591483 ns
[    0.000000] Zone ranges:
[    0.000000]   DMA      [mem 0x0000000000001000-0x0000000000ffffff]
[    0.000000]   DMA32    [mem 0x0000000001000000-0x000000003ffeffff]
[    0.000000]   Normal   empty
[    0.000000]   Device   empty
[    0.000000] Movable zone start for each node
[    0.000000] Early memory node ranges
[    0.000000]   node   0: [mem 0x0000000000001000-0x000000000009efff]
[    0.000000]   node   0: [mem 0x0000000000100000-0x000000003ffeffff]
[    0.000000] Initmem setup node 0 [mem 0x0000000000001000-0x000000003ffeffff]
[    0.000000] ACPI: PM-Timer IO Port: 0x4008
[    0.000000] IOAPIC[0]: apic_id 2, version 32, address 0xfec00000, GSI 0-23
[    0.000000] ACPI: INT_SRC_OVR (bus 0 bus_irq 0 global_irq 2 dfl dfl)
[    0.000000] ACPI: INT_SRC_OVR (bus 0 bus_irq 9 global_irq 9 low level)
[    0.000000] Using ACPI (MADT) for SMP configuration information
[    0.000000] smpboot: Allowing 2 CPUs, 0 hotplug CPUs
[    0.000000] PM: Registered nosave memory: [mem 0x00000000-0x00000fff]
[    0.000000] PM: Registered nosave memory: [mem 0x0009f000-0x0009ffff]
[    0.000000] PM: Registered nosave memory: [mem 0x000a0000-0x000effff]
[    0.000000] PM: Registered nosave memory: [mem 0x000f0000-0x000fffff]
[    0.000000] e820: [mem 0x40000000-0xfebfffff] available for PCI devices
[    0.000000] Booting paravirtualized kernel on KVM
[    0.000000] clocksource: refined-jiffies: mask: 0xffffffff max_cycles: 0xffffffff, max_idle_ns: 7645519600211568 ns
[    0.000000] setup_percpu: NR_CPUS:512 nr_cpumask_bits:512 nr_cpu_ids:2 nr_node_ids:1
[    0.000000] PERCPU: Embedded 33 pages/cpu @ffff88003fc00000 s95192 r8192 d31784 u1048576
[    0.000000] Built 1 zonelists in Node order, mobility grouping on.  Total pages: 257912
[    0.000000] Policy zone: DMA32
[    0.000000] Kernel command line: BOOT_IMAGE=/boot/vmlinuz-4.4.0-210-generic root=LABEL=cloudimg-rootfs ro console=tty1 console=ttyS0
[    0.000000] PID hash table entries: 4096 (order: 3, 32768 bytes)
[    0.000000] Memory: 997792K/1048120K available (8644K kernel code, 1332K rwdata, 4044K rodata, 1492K init, 1164K bss, 50328K reserved, 0K cma-reserved)
[    0.000000] SLUB: HWalign=64, Order=0-3, MinObjects=0, CPUs=2, Nodes=1
[    0.000000] Kernel/User page tables isolation: enabled
[    0.000000] Hierarchical RCU implementation.
[    0.000000] 	Build-time adjustment of leaf fanout to 64.
[    0.000000] 	RCU restricting CPUs from NR_CPUS=512 to nr_cpu_ids=2.
[    0.000000] RCU: Adjusting geometry for rcu_fanout_leaf=64, nr_cpu_ids=2
[    0.000000] NR_IRQS:33024 nr_irqs:440 16
[    0.000000] Console: colour VGA+ 80x25
[    0.000000] console [tty1] enabled
[    0.000000] console [ttyS0] enabled
[    0.000000] tsc: Detected 2495.998 MHz processor
[    0.938628] Calibrating delay loop (skipped) preset value.. 4991.99 BogoMIPS (lpj=9983992)
[    0.951065] pid_max: default: 32768 minimum: 301
[    0.957918] ACPI: Core revision 20150930
[    0.968141] ACPI: 2 ACPI AML tables successfully acquired and loaded
[    0.980893] Security Framework initialized
[    0.990343] Yama: becoming mindful.
[    0.996583] AppArmor: AppArmor initialized
[    1.007056] Dentry cache hash table entries: 131072 (order: 8, 1048576 bytes)
[    1.032900] Inode-cache hash table entries: 65536 (order: 7, 524288 bytes)
[    1.051172] Mount-cache hash table entries: 2048 (order: 2, 16384 bytes)
[    1.066764] Mountpoint-cache hash table entries: 2048 (order: 2, 16384 bytes)
[    1.085159] Initializing cgroup subsys io
[    1.095007] Initializing cgroup subsys memory
[    1.103272] Initializing cgroup subsys devices
[    1.111846] Initializing cgroup subsys freezer
[    1.119924] Initializing cgroup subsys net_cls
[    1.128554] Initializing cgroup subsys perf_event
[    1.137983] Initializing cgroup subsys net_prio
[    1.145817] Initializing cgroup subsys hugetlb
[    1.153529] Initializing cgroup subsys pids
[    1.177419] mce: CPU supports 0 MCE banks
[    1.186075] Last level iTLB entries: 4KB 64, 2MB 8, 4MB 8
[    1.199925] Last level dTLB entries: 4KB 64, 2MB 0, 4MB 0, 1GB 4
[    1.211113] Spectre V1 : Mitigation: usercopy/swapgs barriers and __user pointer sanitization
[    1.230009] Spectre V2 : Mitigation: Full generic retpoline
[    1.243998] Spectre V2 : Spectre v2 / SpectreRSB mitigation: Filling RSB on context switch
[    1.262246] Speculative Store Bypass: Vulnerable
[    1.271619] SRBDS: Unknown: Dependent on hypervisor status
[    1.285909] MDS: Mitigation: Clear CPU buffers
[    1.382707] Freeing SMP alternatives memory: 36K
[    1.594151] ftrace: allocating 32380 entries in 127 pages
[    2.812797] smpboot: APIC(0) Converting physical 0 to logical package 0
[    2.827062] smpboot: Max logical packages: 1
[    2.857320] ..TIMER: vector=0x30 apic1=0 pin1=2 apic2=-1 pin2=-1
[    2.975844] APIC calibration not consistent with PM-Timer: 103ms instead of 100ms
[    2.987507] APIC delta adjusted to PM-Timer: 6308241 (6547598)
[    2.998139] smpboot: CPU0: Intel(R) Core(TM) i5-6300U CPU @ 2.40GHz (family: 0x6, model: 0x4e, stepping: 0x3)
[    3.016578] Performance Events: unsupported p6 CPU model 78 no PMU driver, software events only.
[    3.208861] KVM setup paravirtual spinlock
[    3.220899] x86: Booting SMP configuration:
[    3.227854] .... node  #0, CPUs:      #1
[    3.236079] kvm-clock: cpu 1, msr 0:3ffe3041, secondary cpu clock
[    3.258707] mce: CPU supports 0 MCE banks
[    3.264741] TSC synchronization [CPU#0 -> CPU#1]:
[    3.271150] Measured 103691 cycles TSC warp between CPUs, turning off TSC clock.
[    3.281419] tsc: Marking TSC unstable due to check_tsc_sync_source failed
[    0.880004] x86: Booted up 1 node, 2 CPUs
[    0.884006] smpboot: Total of 2 processors activated (9983.99 BogoMIPS)
[    0.896009] devtmpfs: initialized
[    0.905105] evm: security.selinux
[    0.908004] evm: security.SMACK64
[    0.912003] evm: security.SMACK64EXEC
[    0.916003] evm: security.SMACK64TRANSMUTE
[    0.920003] evm: security.SMACK64MMAP
[    0.928007] evm: security.ima
[    0.932004] evm: security.capability
[    0.940434] clocksource: jiffies: mask: 0xffffffff max_cycles: 0xffffffff, max_idle_ns: 7645041785100000 ns
[    0.944017] futex hash table entries: 512 (order: 3, 32768 bytes)
[    0.952322] pinctrl core: initialized pinctrl subsystem
[    0.956579] RTC time: 14:08:25, date: 01/20/24
[    0.961860] NET: Registered protocol family 16
[    0.976029] cpuidle: using governor ladder
[    0.992033] cpuidle: using governor menu
[    0.996015] PCCT header not found.
[    1.000184] ACPI: bus type PCI registered
[    1.004005] acpiphp: ACPI Hot Plug PCI Controller Driver version: 0.5
[    1.008863] PCI: Using configuration type 1 for base access
[    1.048798] ACPI: Added _OSI(Module Device)
[    1.052005] ACPI: Added _OSI(Processor Device)
[    1.056005] ACPI: Added _OSI(3.0 _SCP Extensions)
[    1.060004] ACPI: Added _OSI(Processor Aggregator Device)
[    1.069588] ACPI: Executed 1 blocks of module-level executable AML code
[    1.084106] ACPI: Interpreter enabled
[    1.088017] ACPI: (supports S0 S5)
[    1.092005] ACPI: Using IOAPIC for interrupt routing
[    1.096464] PCI: Using host bridge windows from ACPI; if necessary, use "pci=nocrs" and report a bug
[    1.110627] ACPI: PCI Root Bridge [PCI0] (domain 0000 [bus 00-ff])
[    1.112010] acpi PNP0A03:00: _OSC: OS supports [ASPM ClockPM Segments MSI]
[    1.116908] acpi PNP0A03:00: _OSC: not requesting OS control; OS requires [ExtendedConfig ASPM ClockPM MSI]
[    1.120025] acpi PNP0A03:00: fail to add MMCONFIG information, can't access extended PCI configuration space under this bridge.
[    1.125216] PCI host bridge to bus 0000:00
[    1.128009] pci_bus 0000:00: root bus resource [io  0x0000-0x0cf7 window]
[    1.132011] pci_bus 0000:00: root bus resource [io  0x0d00-0xffff window]
[    1.136011] pci_bus 0000:00: root bus resource [mem 0x000a0000-0x000bffff window]
[    1.140011] pci_bus 0000:00: root bus resource [mem 0x40000000-0xfdffffff window]
[    1.144013] pci_bus 0000:00: root bus resource [bus 00-ff]
[    1.162828] pci 0000:00:01.1: legacy IDE quirk: reg 0x10: [io  0x01f0-0x01f7]
[    1.164011] pci 0000:00:01.1: legacy IDE quirk: reg 0x14: [io  0x03f6]
[    1.168008] pci 0000:00:01.1: legacy IDE quirk: reg 0x18: [io  0x0170-0x0177]
[    1.172007] pci 0000:00:01.1: legacy IDE quirk: reg 0x1c: [io  0x0376]
[    1.213621] pci 0000:00:07.0: quirk: [io  0x4000-0x403f] claimed by PIIX4 ACPI
[    1.216054] pci 0000:00:07.0: quirk: [io  0x4100-0x410f] claimed by PIIX4 SMB
[    1.239353] ACPI: PCI Interrupt Link [LNKA] (IRQs 5 9 10 *11)
[    1.248617] ACPI: PCI Interrupt Link [LNKB] (IRQs 5 9 *10 11)
[    1.257675] ACPI: PCI Interrupt Link [LNKC] (IRQs 5 *9 10 11)
[    1.266728] ACPI: PCI Interrupt Link [LNKD] (IRQs 5 9 10 *11)
[    1.273931] ACPI: Enabled 2 GPEs in block 00 to 07
[    1.276353] vgaarb: setting as boot device: PCI:0000:00:02.0
[    1.280000] vgaarb: device added: PCI:0000:00:02.0,decodes=io+mem,owns=io+mem,locks=none
[    1.280006] vgaarb: loaded
[    1.284007] vgaarb: bridge control possible 0000:00:02.0
[    1.288764] SCSI subsystem initialized
[    1.296235] ACPI: bus type USB registered
[    1.300093] usbcore: registered new interface driver usbfs
[    1.304069] usbcore: registered new interface driver hub
[    1.308014] usbcore: registered new device driver usb
[    1.317088] PCI: Using ACPI for IRQ routing
[    1.321336] NetLabel: Initializing
[    1.324003] NetLabel:  domain hash size = 128
[    1.328002] NetLabel:  protocols = UNLABELED CIPSOv4
[    1.332018] NetLabel:  unlabeled traffic allowed by default
[    1.336201] amd_nb: Cannot enumerate AMD northbridges
[    1.340418] clocksource: Switched to clocksource kvm-clock
[    1.371891] AppArmor: AppArmor Filesystem Enabled
[    1.371891] pnp: PnP ACPI init
[    1.371891] pnp: PnP ACPI: found 3 devices
[    1.498560] clocksource: acpi_pm: mask: 0xffffff max_cycles: 0xffffff, max_idle_ns: 2085701024 ns
[    1.500197] NET: Registered protocol family 2
[    1.520639] TCP established hash table entries: 8192 (order: 4, 65536 bytes)
[    1.524212] TCP bind hash table entries: 8192 (order: 5, 131072 bytes)
[    1.524212] TCP: Hash tables configured (established 8192 bind 8192)
[    1.524212] UDP hash table entries: 512 (order: 2, 16384 bytes)
[    1.524212] UDP-Lite hash table entries: 512 (order: 2, 16384 bytes)
[    1.524212] NET: Registered protocol family 1
[    1.524212] pci 0000:00:00.0: Limiting direct PCI/PCI transfers
[    1.524212] pci 0000:00:01.0: Activating ISA DMA hang workarounds
[    1.524212] Unpacking initramfs...
[    2.026548] Freeing initrd memory: 14888K
[    2.026548] clocksource: tsc: mask: 0xffffffffffffffff max_cycles: 0x23fa754787d, max_idle_ns: 440795210092 ns
[    2.026548] platform rtc_cmos: registered platform RTC device (no PNP device found)
[    2.026548] Scanning for low memory corruption every 60 seconds
[    2.350460] audit: initializing netlink subsys (disabled)
[    2.359721] audit: type=2000 audit(1705759710.538:1): initialized
[    2.370109] Initialise system trusted keyring
[    2.379604] HugeTLB registered 2 MB page size, pre-allocated 0 pages
[    2.393815] zbud: loaded
[    2.400547] VFS: Disk quotas dquot_6.6.0
[    2.407171] VFS: Dquot-cache hash table entries: 512 (order 0, 4096 bytes)
[    2.410994] squashfs: version 4.0 (2009/01/31) Phillip Lougher
[    2.429771] fuse init (API version 7.23)
[    2.437485] Key type big_key registered
[    2.444400] Allocating IMA MOK and blacklist keyrings.
[    2.477186] Key type asymmetric registered
[    2.483405] Asymmetric key parser 'x509' registered
[    2.490586] Block layer SCSI generic (bsg) driver version 0.4 loaded (major 249)
[    2.502008] io scheduler noop registered
[    2.507864] io scheduler deadline registered (default)
[    2.515356] io scheduler cfq registered
[    2.521470] pci_hotplug: PCI Hot Plug PCI Core version: 0.5
[    2.529838] pciehp: PCI Express Hot Plug Controller Driver version: 0.4
[    2.540876] ACPI: AC Adapter [AC] (on-line)
[    2.547851] input: Power Button as /devices/LNXSYSTM:00/LNXPWRBN:00/input/input0
[    2.559419] ACPI: Power Button [PWRF]
[    2.566203] input: Sleep Button as /devices/LNXSYSTM:00/LNXSLPBN:00/input/input1
[    2.578456] ACPI: Sleep Button [SLPF]
[    2.585078] GHES: HEST is not enabled!
[    2.588110] ACPI: Battery Slot [BAT0] (battery present)
[    2.600149] Serial: 8250/16550 driver, 32 ports, IRQ sharing enabled
[    2.639151] 00:02: ttyS0 at I/O 0x3f8 (irq = 4, base_baud = 115200) is a 16550A
[    2.679401] Linux agpgart interface v0.103
[    2.706060] loop: module loaded
[    2.715175] scsi host0: ata_piix
[    2.722587] scsi host1: ata_piix
[    2.728207] ata1: PATA max UDMA/33 cmd 0x1f0 ctl 0x3f6 bmdma 0xd000 irq 14
[    2.732090] ata2: PATA max UDMA/33 cmd 0x170 ctl 0x376 bmdma 0xd008 irq 15
[    2.748408] libphy: Fixed MDIO Bus: probed
[    2.755016] tun: Universal TUN/TAP device driver, 1.6
[    2.763133] tun: (C) 1999-2004 Max Krasnyansky <maxk@qualcomm.com>
[    2.773489] PPP generic driver version 2.4.2
[    2.781414] ehci_hcd: USB 2.0 'Enhanced' Host Controller (EHCI) Driver
[    2.791251] ehci-pci: EHCI PCI platform driver
[    2.798649] ehci-platform: EHCI generic platform driver
[    2.802563] ohci_hcd: USB 1.1 'Open' Host Controller (OHCI) Driver
[    2.802563] ohci-pci: OHCI PCI platform driver
[    2.802563] ohci-platform: OHCI generic platform driver
[    2.831063] uhci_hcd: USB Universal Host Controller Interface driver
[    2.834991] i8042: PNP: PS/2 Controller [PNP0303:PS2K,PNP0f03:PS2M] at 0x60,0x64 irq 1,12
[    2.857239] serio: i8042 KBD port at 0x60,0x64 irq 1
[    2.858906] serio: i8042 AUX port at 0x60,0x64 irq 12
[    2.874004] mousedev: PS/2 mouse device common for all mice
[    2.890174] rtc_cmos rtc_cmos: rtc core: registered rtc_cmos as rtc0
[    2.922765] input: AT Translated Set 2 keyboard as /devices/platform/i8042/serio0/input/input2
[    2.935067] rtc_cmos rtc_cmos: alarms up to one day, 114 bytes nvram
[    2.943714] i2c /dev entries driver
[    2.949055] device-mapper: uevent: version 1.0.3
[    2.983396] device-mapper: ioctl: 4.34.0-ioctl (2015-10-28) initialised: dm-devel@redhat.com
[    2.996256] ledtrig-cpu: registered to indicate activity on CPUs
[    3.008908] NET: Registered protocol family 10
[    3.016981] NET: Registered protocol family 17
[    3.025806] Key type dns_resolver registered
[    3.037081] registered taskstats version 1
[    3.044878] Loading compiled-in X.509 certificates
[    3.053160] Loaded X.509 cert 'Build time autogenerated kernel key: cf00e047681d67edb2720680708b7d9498083038'
[    3.056532] zswap: loaded using pool lzo/zbud
[    3.081998] Key type trusted registered
[    3.100442] Key type encrypted registered
[    3.107455] AppArmor: AppArmor sha1 policy hashing enabled
[    3.116290] ima: No TPM chip found, activating TPM-bypass!
[    3.124930] ima: Allocated hash algorithm: sha1
[    3.132410] evm: HMAC attrs: 0x1
[    3.139990]   Magic number: 8:22:132
[    3.146933] rtc_cmos rtc_cmos: setting system clock to 2024-01-20 14:08:28 UTC (1705759708)
[    3.160556] BIOS EDD facility v0.16 2004-Jun-25, 0 devices found
[    3.169356] EDD information not available.
[    3.179065] Freeing unused kernel memory: 1492K
[    3.187969] Write protecting the kernel read-only data: 14336k
[    3.200708] Freeing unused kernel memory: 1584K
[    3.209497] Freeing unused kernel memory: 52K
Loading, please wait...
starting version 229
[    3.266532] random: systemd-udevd: uninitialized urandom read (16 bytes read, 11 bits of entropy available)
[    3.269035] random: udevadm: uninitialized urandom read (16 bytes read, 11 bits of entropy available)
[    3.269080] random: udevadm: uninitialized urandom read (16 bytes read, 11 bits of entropy available)
[    3.297855] random: udevadm: uninitialized urandom read (16 bytes read, 11 bits of entropy available)
[    3.297911] random: udevadm: uninitialized urandom read (16 bytes read, 11 bits of entropy available)
[    3.298192] random: udevadm: uninitialized urandom read (16 bytes read, 11 bits of entropy available)
[    3.298252] random: udevadm: uninitialized urandom read (16 bytes read, 11 bits of entropy available)
[    3.298475] random: udevadm: uninitialized urandom read (16 bytes read, 11 bits of entropy available)
[    3.298539] random: udevadm: uninitialized urandom read (16 bytes read, 11 bits of entropy available)
[    3.298595] random: udevadm: uninitialized urandom read (16 bytes read, 11 bits of entropy available)
[    3.479919] Fusion MPT base driver 3.04.20
[    3.486189] Copyright (c) 1999-2008 LSI Corporation
[    3.526070] e1000: Intel(R) PRO/1000 Network Driver - version 7.3.21-k8-NAPI
[    3.541980] e1000: Copyright (c) 1999-2006 Intel Corporation.
[    3.607471] Fusion MPT SPI Host driver 3.04.20
[    3.622306] SSE version of gcm_enc/dec engaged.
[    3.816798] input: ImExPS/2 Generic Explorer Mouse as /devices/platform/i8042/serio1/input/input4
[    4.746028] e1000 0000:00:03.0 eth0: (PCI:33MHz:32-bit) 02:be:82:6b:cc:1d
[    4.756444] e1000 0000:00:03.0 eth0: Intel(R) PRO/1000 Network Connection
[    4.770108] mptbase: ioc0: Initiating bringup
[    4.859361] ioc0: LSI53C1030 A0: Capabilities={Initiator}
[    5.073112] scsi host2: ioc0: LSI53C1030 A0, FwRev=00000000h, Ports=1, MaxQ=256, IRQ=20
[    5.203742] scsi 2:0:0:0: Direct-Access     VBOX     HARDDISK         1.0  PQ: 0 ANSI: 5
[    5.228537] scsi target2:0:0: Beginning Domain Validation
[    5.248783] scsi target2:0:0: Domain Validation skipping write tests
[    5.258722] scsi target2:0:0: Ending Domain Validation
[    5.266387] scsi target2:0:0: asynchronous
[    5.277355] scsi 2:0:1:0: Direct-Access     VBOX     HARDDISK         1.0  PQ: 0 ANSI: 5
[    5.288991] scsi target2:0:1: Beginning Domain Validation
[    5.309843] scsi target2:0:1: Domain Validation skipping write tests
[    5.319002] scsi target2:0:1: Ending Domain Validation
[    5.327438] scsi target2:0:1: asynchronous
[    5.368566] sd 2:0:0:0: Attached scsi generic sg0 type 0
[    5.376936] sd 2:0:1:0: Attached scsi generic sg1 type 0
[    5.382590] sd 2:0:1:0: [sdb] 20480 512-byte logical blocks: (10.5 MB/10.0 MiB)
[    5.383654] sd 2:0:1:0: [sdb] Write Protect is off
[    5.384526] sd 2:0:1:0: [sdb] Incomplete mode parameter data
[    5.384528] sd 2:0:1:0: [sdb] Assuming drive cache: write through
[    5.423442] sd 2:0:0:0: [sda] 83886080 512-byte logical blocks: (42.9 GB/40.0 GiB)
[    5.439541] sd 2:0:0:0: [sda] Write Protect is off
[    5.451709] sd 2:0:0:0: [sda] Incomplete mode parameter data
[    5.461650] sd 2:0:1:0: [sdb] Attached SCSI disk
[    5.473397] sd 2:0:0:0: [sda] Assuming drive cache: write through
[    5.492446]  sda: sda1
[    5.503510] sd 2:0:0:0: [sda] Attached SCSI disk
[    6.159718] e1000 0000:00:08.0 eth1: (PCI:33MHz:32-bit) 08:00:27:6c:9b:b0
[    6.171510] e1000 0000:00:08.0 eth1: Intel(R) PRO/1000 Network Connection
[    6.186805] e1000 0000:00:08.0 enp0s8: renamed from eth1
[    6.203442] e1000 0000:00:03.0 enp0s3: renamed from eth0
Begin: Loading essential drivers ... [    8.100177] md: linear personality registered for level -1
[    8.116238] md: multipath personality registered for level -4
[    8.131370] md: raid0 personality registered for level 0
[    8.166137] md: raid1 personality registered for level 1
[    9.047616] raid6: sse2x1   gen() 128108 MB/s
[   11.043243] raid6: sse2x1   xor() 115331 MB/s
[   12.048656] raid6: sse2x2   gen() 186811 MB/s
[   13.054020] raid6: sse2x2   xor() 129731 MB/s
[   13.147870] raid6: sse2x4   gen() 13861 MB/s
[   13.237602] raid6: sse2x4   xor()  9826 MB/s
[   13.245518] raid6: using algorithm sse2x2 gen() 186811 MB/s
[   13.255897] raid6: .... xor() 129731 MB/s, rmw enabled
[   13.264941] raid6: using ssse3x2 recovery algorithm
[   13.277511] xor: measuring software checksum speed
[   13.324947]    prefetch64-sse: 18160.000 MB/sec
[   13.372671]    generic_sse: 14776.000 MB/sec
[   13.379729] xor: using function: prefetch64-sse (18160.000 MB/sec)
[   13.395502] async_tx: api initialized (async)
[   13.480442] md: raid6 personality registered for level 6
[   13.489061] md: raid5 personality registered for level 5
[   13.497828] md: raid4 personality registered for level 4
[   13.539049] md: raid10 personality registered for level 10
done.
Begin: Running /scripts/init-premount ... done.
Begin: Mounting root file system ... Begin: Running /scripts/local-top ... done.
Begin: Running /scripts/local-premount ... [   13.697293] Btrfs loaded
Scanning for Btrfs filesystems
done.
Warning: fsck not present, so skipping root file system
[   13.798548] EXT4-fs (sda1): mounted filesystem with ordered data mode. Opts: (null)
done.
Begin: Running /scripts/local-bottom ... done.
Begin: Running /scripts/init-bottom ... done.
[   14.218861] systemd[1]: systemd 229 running in system mode. (+PAM +AUDIT +SELINUX +IMA +APPARMOR +SMACK +SYSVINIT +UTMP +LIBCRYPTSETUP +GCRYPT +GNUTLS +ACL +XZ -LZ4 +SECCOMP +BLKID +ELFUTILS +KMOD -IDN)
[   14.245003] systemd[1]: Detected virtualization oracle.
[   14.253420] systemd[1]: Detected architecture x86-64.

Welcome to [1mUbuntu 16.04.7 LTS[0m!

[   14.279955] systemd[1]: Set hostname to <ubuntu-xenial>.
[   14.523641] random: nonblocking pool is initialized
[   14.692280] systemd[1]: Listening on LVM2 metadata daemon socket.
[[0;32m  OK  [0m] Listening on LVM2 metadata daemon socket.
[   14.711549] systemd[1]: Listening on /dev/initctl Compatibility Named Pipe.
[[0;32m  OK  [0m] Listening on /dev/initctl Compatibility Named Pipe.
[   14.733066] systemd[1]: Listening on udev Kernel Socket.
[[0;32m  OK  [0m] Listening on udev Kernel Socket.
[   14.750670] systemd[1]: Reached target Encrypted Volumes.
[[0;32m  OK  [0m] Reached target Encrypted Volumes.
[   14.768147] systemd[1]: Listening on Journal Audit Socket.
[[0;32m  OK  [0m] Listening on Journal Audit Socket.
[   14.786893] systemd[1]: Created slice System Slice.
[[0;32m  OK  [0m] Created slice System Slice.
[   14.803817] systemd[1]: Created slice system-serial\x2dgetty.slice.
[[0;32m  OK  [0m] Created slice system-serial\x2dgetty.slice.
[   14.823192] systemd[1]: Listening on Journal Socket (/dev/log).
[[0;32m  OK  [0m] Listening on Journal Socket (/dev/log).
[   14.841652] systemd[1]: Started Trigger resolvconf update for networkd DNS.
[[0;32m  OK  [0m] Started Trigger resolvconf update for networkd DNS.
[   14.866680] systemd[1]: Reached target Swap.
[[0;32m  OK  [0m] Reached target Swap.
[   14.883568] systemd[1]: Listening on Syslog Socket.
[[0;32m  OK  [0m] Listening on Syslog Socket.
[   14.900140] systemd[1]: Listening on fsck to fsckd communication Socket.
[[0;32m  OK  [0m] Listening on fsck to fsckd communication Socket.
[   14.922364] systemd[1]: Created slice User and Session Slice.
[[0;32m  OK  [0m] Created slice User and Session Slice.
[   14.941022] systemd[1]: Reached target System Time Synchronized.
[[0;32m  OK  [0m] Reached target System Time Synchronized.
[   14.960426] systemd[1]: Reached target Slices.
[[0;32m  OK  [0m] Reached target Slices.
[   14.977100] systemd[1]: Listening on LVM2 poll daemon socket.
[[0;32m  OK  [0m] Listening on LVM2 poll daemon socket.
[   14.995827] systemd[1]: Started Forward Password Requests to Wall Directory Watch.
[[0;32m  OK  [0m] Started Forward Password Requests to Wall Directory Watch.
[   15.018518] systemd[1]: Reached target User and Group Name Lookups.
[[0;32m  OK  [0m] Reached target User and Group Name Lookups.
[   15.038174] systemd[1]: Listening on Journal Socket.
[[0;32m  OK  [0m] Listening on Journal Socket.
[   15.080684] systemd[1]: Starting File System Check on Root Device...
         Starting File System Check on Root Device...
[   15.107645] systemd[1]: Starting Load Kernel Modules...
         Starting Load Kernel Modules...
[   15.135184] systemd[1]: Mounting Debug File System...
         Mounting Debug File System...
[   15.156276] systemd[1]: Starting Set console keymap...
[   15.167435] Loading iSCSI transport class v2.0-870.
         Starting Set console keymap...
[   15.195300] systemd[1]: Starting Nameserver information manager...
[   15.218567] iscsi: registered transport (tcp)
         Starting Nameserver information manager...
[   15.260679] systemd[1]: Mounting POSIX Message Queue File System...
         Mounting POSIX Message Queue File System...
[   15.288230] systemd[1]: Starting Journal Service...
         Starting Journal Service...
[   15.310533] systemd[1]: Starting Create list of required static device nodes for the current kernel...
         Starting Create list of required st... nodes for the current kernel...
[   15.376938] systemd[1]: Mounting Huge Pages File System...
         Mounting Huge Pages File System...
[   15.394175] systemd[1]: Set up automount Arbitrary Executable File Formats File System Automount Point.
[[0;32m  OK  [0m] Set up automount Arbitrary Executab...ats File System Automount Point.
[   15.419625] systemd[1]: Starting Uncomplicated firewall...
         Starting Uncomplicated firewall...
[   15.436336] systemd[1]: Listening on Device-mapper event daemon FIFOs.
[   15.448493] iscsi: registered transport (iser)
[[0;32m  OK  [0m] Listening on Device-mapper event daemon FIFOs.
[   15.464996] systemd[1]: Starting Monitoring of LVM2 mirrors, snapshots etc. using dmeventd or progress polling...
         Starting Monitoring of LVM2 mirrors... dmeventd or progress polling...
[   15.498040] systemd[1]: Listening on udev Control Socket.
[[0;32m  OK  [0m] Listening on udev Control Socket.
[   15.536044] systemd[1]: Mounted Huge Pages File System.
[[0;32m  OK  [0m] Mounted Huge Pages File System.
[   15.570003] systemd[1]: Mounted POSIX Message Queue File System.
[[0;32m  OK  [0m] Mounted POSIX Message Queue File System.
[   15.589257] systemd[1]: Mounted Debug File System.
[[0;32m  OK  [0m] Mounted Debug File System.
[   15.606057] systemd[1]: Started Journal Service.
[[0;32m  OK  [0m] Started Journal Service.
[[0;32m  OK  [0m] Started File System Check on Root Device.
[[0;32m  OK  [0m] Started Load Kernel Modules.
[[0;32m  OK  [0m] Started Set console keymap.
[[0;32m  OK  [0m] Started Create list of required sta...ce nodes for the current kernel.
[[0;32m  OK  [0m] Started Uncomplicated firewall.
[[0;32m  OK  [0m] Started Nameserver information manager.
[[0;32m  OK  [0m] Started File System Check Daemon to report status.
[[0;32m  OK  [0m] Started LVM2 metadata daemon.
         Starting Create Static Device Nodes in /dev...
         Mounting FUSE Control File System...
         Starting Apply Kernel Variables...
         Starting Remount Root and Kernel File Systems...
[[0;32m  OK  [0m] Mounted FUSE Control File System.
[[0;32m  OK  [0m] Started Create Static Device Nodes in /dev.
[[0;32m  OK  [0m] Started Apply Kernel Variables.
[[0;32m  OK  [0m] Started Remount Root and Kernel File Systems.
         Starting Flush Journal to Persistent Storage...
         Starting udev Coldplug all Devices...
         Starting Load/Save Random Seed...
         Starting udev Kernel Device Manager...
[[0;32m  OK  [0m] Started Load/Save Random Seed.
[[0;32m  OK  [0m] Started Flush Journal to Persistent Storage.
[[0;32m  OK  [0m] Started udev Kernel Device Manager.
[[0;32m  OK  [0m] Started udev Coldplug all Devices.
[[0;32m  OK  [0m] Started Dispatch Password Requests to Console Directory Watch.
[[0;32m  OK  [0m] Started Monitoring of LVM2 mirrors,...ng dmeventd or progress polling.
[[0;32m  OK  [0m] Reached target Local File Systems (Pre).
[[0;32m  OK  [0m] Reached target Local File Systems.
         Starting Tell Plymouth To Write Out Runtime Data...
         Starting Create Volatile Files and Directories...
         Starting LSB: AppArmor initialization...
         Starting Set console font and keymap...
         Starting Initial cloud-init job (pre-networking)...
[[0;32m  OK  [0m] Started Tell Plymouth To Write Out Runtime Data.
[[0;32m  OK  [0m] Started Create Volatile Files and Directories.
         Starting Update UTMP about System Boot/Shutdown...
[[0;32m  OK  [0m] Started Update UTMP about System Boot/Shutdown.
[[0;32m  OK  [0m] Started LSB: AppArmor initialization.
[[0;32m  OK  [0m] Found device /dev/ttyS0.
         Starting Load AppArmor profiles managed internally by snapd...
[[0;32m  OK  [0m] Started Load AppArmor profiles managed internally by snapd.
[[0;32m  OK  [0m] Listening on Load/Save RF Kill Switch Status /dev/rfkill Watch.
[[0;32m  OK  [0m] Found device 82540EM Gigabit Ethern...r (PRO/1000 MT Desktop Adapter).
[[0;32m  OK  [0m] Found device 82540EM Gigabit Ethern...r (PRO/1000 MT Desktop Adapter).
[   19.281327] cloud-init[505]: Cloud-init v. 21.1-19-gbad84ad4-0ubuntu1~16.04.2 running 'init-local' at Sat, 20 Jan 2024 14:08:44 +0000. Up 18.89 seconds.
[[0;32m  OK  [0m] Started Initial cloud-init job (pre-networking).
[[0;32m  OK  [0m] Reached target Network (Pre).
[[0;32m  OK  [0m] Started ifup for enp0s3.
         Starting Raise network interfaces...
[[0;32m  OK  [0m] Started ifup for enp0s8.
[[0;32m  OK  [0m] Started Set console font and keymap.
[[0;32m  OK  [0m] Created slice system-getty.slice.
[[0;32m  OK  [0m] Started Raise network interfaces.
         Starting Initial cloud-init job (metadata service crawler)...
[[0;32m  OK  [0m] Reached target Network.
[   21.269769] cloud-init[1080]: Cloud-init v. 21.1-19-gbad84ad4-0ubuntu1~16.04.2 running 'init' at Sat, 20 Jan 2024 14:08:46 +0000. Up 20.94 seconds.
[   21.279386] cloud-init[1080]: ci-info: ++++++++++++++++++++++++++++++++++++++Net device info+++++++++++++++++++++++++++++++++++++++
[   21.289085] cloud-init[1080]: ci-info: +--------+------+-----------------------------+---------------+--------+-------------------+
[   21.297960] cloud-init[1080]: ci-info: | Device |  Up  |           Address           |      Mask     | Scope  |     Hw-Address    |
[   21.306968] cloud-init[1080]: ci-info: +--------+------+-----------------------------+---------------+--------+-------------------+
[   21.315963] cloud-init[1080]: ci-info: | enp0s3 | True |          10.0.2.15          | 255.255.255.0 | global | 02:be:82:6b:cc:1d |
[   21.325373] cloud-init[1080]: ci-info: | enp0s3 | True |  fe80::be:82ff:fe6b:cc1d/64 |       .       |  link  | 02:be:82:6b:cc:1d |
[   21.334849] cloud-init[1080]: ci-info: | enp0s8 | True |        192.168.26.12        | 255.255.255.0 | global | 08:00:27:6c:9b:b0 |
[   21.344579] cloud-init[1080]: ci-info: | enp0s8 | True | fe80::a00:27ff:fe6c:9bb0/64 |       .       |  link  | 08:00:27:6c:9b:b0 |
[   21.354948] cloud-init[1080]: ci-info: |   lo   | True |          127.0.0.1          |   255.0.0.0   |  host  |         .         |
[   21.365590] cloud-init[1080]: ci-info: |   lo   | True |           ::1/128           |       .       |  host  |         .         |
[   21.378004] cloud-init[1080]: ci-info: +--------+------+-----------------------------+---------------+--------+-------------------+
[   21.390770] cloud-init[1080]: ci-info: ++++++++++++++++++++++++++++Route IPv4 info++++++++++++++++++++++++++++
[   21.401586] cloud-init[1080]: ci-info: +-------+--------------+----------+---------------+-----------+-------+
[   21.413496] cloud-init[1080]: ci-info: | Route | Destination  | Gateway  |    Genmask    | Interface | Flags |
[   21.423723] cloud-init[1080]: ci-info: +-------+--------------+----------+---------------+-----------+-------+
[   21.435735] cloud-init[1080]: ci-info: |   0   |   0.0.0.0    | 10.0.2.2 |    0.0.0.0    |   enp0s3  |   UG  |
[   21.446895] cloud-init[1080]: ci-info: |   1   |   10.0.2.0   | 0.0.0.0  | 255.255.255.0 |   enp0s3  |   U   |
[   21.458295] cloud-init[1080]: ci-info: |   2   | 192.168.26.0 | 0.0.0.0  | 255.255.255.0 |   enp0s8  |   U   |
[   21.469390] cloud-init[1080]: ci-info: +-------+--------------+----------+---------------+-----------+-------+
[   21.479861] cloud-init[1080]: ci-info: +++++++++++++++++++Route IPv6 info+++++++++++++++++++
[   21.489283] cloud-init[1080]: ci-info: +-------+-------------+---------+-----------+-------+
[   21.498401] cloud-init[1080]: ci-info: | Route | Destination | Gateway | Interface | Flags |
[[0;32m  OK  [0m] Started Initial cloud-init job (metadata service crawler).
[   21.515619] [[0;32m  OK  [0m] Reached target Network is Online.
cloud-init[1080]: ci-info: +-------+-------------+---------+-----------+-------+
[   21.529579] cloud-init[1080]: ci-info: |   0   |  fe80::/64  |    ::   |   enp0s3  |   U   |
[   21.540448] cloud-init[1080]: ci-info: |   1   |  fe80::/64  |    ::   |   enp0s8  |   U   |         Starting iSCSI initiator daemon (iscsid)...
[[0;32m  OK  [0m] Reached target Cloud-config availability.
[[0;32m  OK  [0m] Reached target System Initialization.
[[0;32m  OK  [0m] Listening on UUID daemon activation socket.
[[0;32m  OK  [0m] Listening on D-Bus System Message Bus Socket.

[[0;32m  OK  [0m] Started Message of the Day.
[   21.575823] [[0;32m  OK  [0m] Listening on ACPID Listen Socket.
cloud-init         Starting LXD - unix socket.
[[0;32m  OK  [0m] Started Ubuntu Advantage update messaging.
[[0;32m  OK  [0m] Started Daily apt download activities.
[[0;32m  OK  [0m] Started Daily apt upgrade and clean activities.
[1080]: ci-info: |   4   |   ff00::/8  |    ::   |   enp0s3  |   U   |
[[0;32m  OK  [0m] Started ACPI Events Check.
[[0;32m  OK  [0m] Reached target Paths.
[[0;32m  OK  [0m] Started Daily Cleanup of Temporary Directories.
[[0;32m  OK  [0m] Reached target Timers.
         Starting Socket activation for snappy daemon.
[[0;32m  OK  [0m] Listening on LXD - unix socket.
[[0;32m  OK  [0m] Listening on Socket activation for snappy daemon.
[[0;32m  OK  [0m] Reached target Sockets.
[[0;32m  OK  [0m] Reached target Basic System.
[[0;32m  OK  [0m] Started Deferred execution scheduler.
[   21.604386] [[0;32m  OK  [0m] Started ACPI event daemon.
cloud-init[1080]: ci-info: |   5   |   ff00::/8  |    ::   |   enp0s8  |   U   |[[0;32m  OK  [0m] Started Regular background program processing daemon.

         Starting Login Service...
[[0;32m  OK  [0m] Started FUSE filesystem for LXC.
         Starting LXD - container startup/shutdown...
         Starting Accounts Service...
         Starting LSB: Record successful boot for GRUB...
[   21.665564] cloud-init[1080]: ci-info: +-------+-------------+---------+-----------+-------+
         Starting System Logging Service...
         Starting OpenBSD Secure Shell server...
[[0;32m  OK  [0m] Started D-Bus System Message Bus.
         Starting MySQL Community Server...
         Starting /etc/rc.local Compatibility...
         Starting LSB: MD monitoring daemon...
         Starting Virtualbox guest utils...
         Starting Snap Daemon...
[[0;32m  OK  [0m] Started System Logging Service.
[[0;32m  OK  [0m] Started iSCSI initiator daemon (iscsid).
[[0;32m  OK  [0m] Started /etc/rc.local Compatibility.
[[0;32m  OK  [0m] Started OpenBSD Secure Shell server.
[[0;32m  OK  [0m] Started Login Service.
[[0;32m  OK  [0m] Started Unattended Upgrades Shutdown.
         Starting Authenticate and Authorize Users to Run Privileged Tasks...
         Starting Login to default iSCSI targets...
[[0;32m  OK  [0m] Started LSB: MD monitoring daemon.
[[0;32m  OK  [0m] Started LSB: Record successful boot for GRUB.
[[0;32m  OK  [0m] Started Login to default iSCSI targets.
[[0;32m  OK  [0m] Reached target Remote File Systems (Pre).
         Mounting /vagrant...
[[0;1;31mFAILED[0m] Failed to mount /vagrant.
See 'systemctl status vagrant.mount' for details.
[[0;1;33mDEPEND[0m] Dependency failed for Remote File Systems.
[[0;32m  OK  [0m] Started Authenticate and Authorize Users to Run Privileged Tasks.
         Starting Permit User Sessions...
         Starting LSB: Set the CPU Frequency Scaling governor to "ondemand"...
         Starting LSB: automatic crash report generation...
         Starting LSB: daemon to balance interrupts for SMP systems...
         Starting LSB: Apache2 web server...
[[0;32m  OK  [0m] Started LXD - container startup/shutdown.
[[0;32m  OK  [0m] Started Permit User Sessions.
[[0;32m  OK  [0m] Started Accounts Service.
         Starting Terminate Plymouth Boot Screen...
         Starting Hold until boot process finishes up...
[[0;32m  OK  [0m] Started Terminate Plymouth Boot Screen.
[[0;32m  OK  [0m] Started Hold until boot process finishes up.
[[0;32m  OK  [0m] Started Getty on tty1.
[[0;32m  OK  [0m] Started Serial Getty on ttyS0.
[[0;32m  OK  [0m] Reached target Login Prompts.
         Starting Set console scheme...
[[0;32m  OK  [0m] Started Set console scheme.
[[0;32m  OK  [0m] Started LSB: Set the CPU Frequency Scaling governor to "ondemand".
[[0;32m  OK  [0m] Started LSB: daemon to balance interrupts for SMP systems.
[[0;32m  OK  [0m] Started LSB: automatic crash report generation.
[[0;32m  OK  [0m] Started Virtualbox guest utils.
[[0;32m  OK  [0m] Started Snap Daemon.
         Starting Wait until snapd is fully seeded...
[[0;32m  OK  [0m] Started Wait until snapd is fully seeded.
         Starting Apply the settings specified in cloud-config...
[[0;32m  OK  [0m] Started LSB: Apache2 web server.
[[0;32m  OK  [0m] Created slice User Slice of vagrant.
         Starting User Manager for UID 1000...
[[0;32m  OK  [0m] Started Session 1 of user vagrant.
[[0;32m  OK  [0m] Started User Manager for UID 1000.
[   25.478361] cloud-init[1393]: Cloud-init v. 21.1-19-gbad84ad4-0ubuntu1~16.04.2 running 'modules:config' at Sat, 20 Jan 2024 14:08:50 +0000. Up 25.25 seconds.
[[0;32m  OK  [0m] Started Apply the settings specified in cloud-config.
[[0;32m  OK  [0m] Started MySQL Community Server.
[[0;32m  OK  [0m] Reached target Multi-User System.
         Starting Execute cloud user/final scripts...
[[0;32m  OK  [0m] Reached target Graphical Interface.
         Starting Update UTMP about System Runlevel Changes...
[[0;32m  OK  [0m] Started Update UTMP about System Runlevel Changes.
[   27.347235] cloud-init[1531]: Cloud-init v. 21.1-19-gbad84ad4-0ubuntu1~16.04.2 running 'modules:final' at Sat, 20 Jan 2024 14:08:52 +0000. Up 27.19 seconds.
[   27.360681] cloud-init[1531]: Cloud-init v. 21.1-19-gbad84ad4-0ubuntu1~16.04.2 finished at Sat, 20 Jan 2024 14:08:52 +0000. Datasource DataSourceNoCloud [seed=/dev/sdb][dsmode=net].  Up 27.34 seconds
[[0;32m  OK  [0m] Started Execute cloud user/final scripts.
[[0;32m  OK  [0m] Reached target Cloud-init target.

Ubuntu 16.04.7 LTS ubuntu-xenial ttyS0

ubuntu-xenial login: [[0;32m  OK  [0m] Stopped Unattended Upgrades Shutdown.
         Stopping Session 3 of user vagrant.
[[0;32m  OK  [0m] Stopped target Cloud-init target.
[[0;32m  OK  [0m] Stopped target Timers.
         Stopping Authenticate and Authorize Users to Run Privileged Tasks...
         Stopping ACPI event daemon...
[[0;32m  OK  [0m] Stopped Execute cloud user/final scripts.
[[0;32m  OK  [0m] Stopped Apply the settings specified in cloud-config.
[[0;32m  OK  [0m] Stopped target Cloud-config availability.
[[0;32m  OK  [0m] Stopped Daily Cleanup of Temporary Directories.
[[0;32m  OK  [0m] Stopped Ubuntu Advantage update messaging.
[[0;32m  OK  [0m] Stopped Daily apt upgrade and clean activities.
[[0;32m  OK  [0m] Stopped Daily apt download activities.
[[0;32m  OK  [0m] Stopped Message of the Day.
[[0;32m  OK  [0m] Stopped target System Time Synchronized.
         Unmounting /vagrant...
[[0;32m  OK  [0m] Closed Load/Save RF Kill Switch Status /dev/rfkill Watch.
[[0;32m  OK  [0m] Stopped target Graphical Interface.
         Stopping Accounts Service...
[[0;32m  OK  [0m] Stopped target Multi-User System.
         Stopping OpenBSD Secure Shell server...
         Stopping Virtualbox guest utils...
         Stopping LSB: Set the CPU Frequency Scaling governor to "ondemand"...
         Stopping D-Bus System Message Bus...
         Stopping LSB: daemon to balance interrupts for SMP systems...
         Stopping LSB: Record successful boot for GRUB...
         Stopping LSB: MD monitoring daemon...
         Stopping System Logging Service...
[[0;32m  OK  [0m] Stopped Wait until snapd is fully seeded.
         Stopping LXD - container startup/shutdown...
         Stopping LSB: Apache2 web server...
         Stopping LSB: automatic crash report generation...
         Stopping FUSE filesystem for LXC...
         Stopping MySQL Community Server...
[[0;32m  OK  [0m] Stopped target Login Prompts.
         Stopping Getty on tty1...
         Stopping Regular background program processing daemon...
         Stopping Deferred execution scheduler...
         Stopping User Manager f[[0;32m  OK  [0m] Unmounted /var/lib/lxcfs.
[[0;32m  OK  [0m] Stopped Deferred execution scheduler.
[[0;32m  OK  [0m] Stopped ACPI event daemon.
[[0;32m  OK  [0m] Stopped Regular background program processing daemon.
[[0;32m  OK  [0m] Stopped Accounts Service.
[[0;32m  OK  [0m] Stopped System Logging Service.
[[0;32m  OK  [0m] Stopped OpenBSD Secure Shell server.
[[0;32m  OK  [0m] Stopped Authenticate and Authorize Users to Run Privileged Tasks.
[[0;32m  OK  [0m] Stopped Getty on tty1.
[[0;32m  OK  [0m] Stopped Serial Getty on ttyS0.
[[0;32m  OK  [0m] Stopped User Manager for UID 1000.
[[0;32m  OK  [0m] Unmounted /vagrant.
[[0;32m  OK  [0m] Stopped Session 3 of user vagrant.
[[0;32m  OK  [0m] Stopped D-Bus System Message Bus.
[[0;32m  OK  [0m] Stopped FUSE filesystem for LXC.
[[0;32m  OK  [0m] Stopped LSB: Set the CPU Frequency Scaling governor to "ondemand".
[[0;32m  OK  [0m] Stopped Virtualbox guest utils.
[[0;32m  OK  [0m] Stopped LXD - container startup/shutdown.
[[0;32m  OK  [0m] Stopped LSB: automatic crash report generation.
[[0;32m  OK  [0m] Stopped target Remote File Systems (Pre).
         Stopping Login to default iSCSI targets...
[[0;32m  OK  [0m] Removed slice User Slice of vagrant.
         Stopping Login Service...
[[0;32m  OK  [0m] Removed slice system-serial\x2dgetty.slice.
[[0;32m  OK  [0m] Stopped /etc/rc.local Compatibility.
         Stopping Permit User Sessions...
[[0;32m  OK  [0m] Removed slice system-getty.slice.
[[0;32m  OK  [0m] Stopped LSB: daemon to balance interrupts for SMP systems.
[[0;32m  OK  [0m] Stopped LSB: Record successful boot for GRUB.
[[0;32m  OK  [0m] Stopped LSB: MD monitoring daemon.
[[0;32m  OK  [0m] Stopped Permit User Sessions.
[[0;32m  OK  [0m] Stopped Login Service.
[[0;32m  OK  [0m] Stopped target User and Group Name Lookups.
[[0;32m  OK  [0m] Stopped Login to default iSCSI targets.
         Stopping iSCSI initiator daemon (iscsid)...
[[0;32m  OK  [0m] Stopped iSCSI initiator daemon (iscsid).
[[0;32m  OK  [0m] Stopped LSB: Apache2 web server.
[[0;32m  OK  [0m] Stopped target Network is Online.
[[0;32m  OK  [0m] Stopped MySQL Community Server.
[[0;32m  OK  [0m] Stopped target Basic System.
[[0;32m  OK  [0m] Stopped target Sockets.
[[0;32m  OK  [0m] Closed Socket activation for snappy daemon.
[[0;32m  OK  [0m] Closed ACPID Listen Socket.
[[0;32m  OK  [0m] Closed Syslog Socket.
[[0;32m  OK  [0m] Closed LXD - unix socket.
[[0;32m  OK  [0m] Closed UUID daemon activation socket.
[[0;32m  OK  [0m] Closed D-Bus System Message Bus Socket.
[[0;32m  OK  [0m] Stopped target Slices.
[[0;32m  OK  [0m] Removed slice User and Session Slice.
[[0;32m  OK  [0m] Stopped target Paths.
[[0;32m  OK  [0m] Stopped Forward Password Requests to Wall Directory Watch.
[[0;32m  OK  [0m] Stopped Dispatch Password Requests to Console Directory Watch.
[[0;32m  OK  [0m] Stopped ACPI Events Check.
[[0;32m  OK  [0m] Stopped target Network.
[[0;32m  OK  [0m] Stopped target System Initialization.
         Stopping Load/Save Random Seed...
[[0;32m  OK  [0m] Stopped Initial cloud-init job (metadata service crawler).
         Stopping Raise network interfaces...
[[0;32m  OK  [0m] Stopped target Encrypted Volumes.
[[0;32m  OK  [0m] Stopped target Swap.
[[0;32m  OK  [0m] Stopped Create Volatile Files and Directories.
[[0;32m  OK  [0m] Stopped Load/Save Random Seed.
[[0;32m  OK  [0m] Stopped Raise network interfaces.
[[0;32m  OK  [0m] Stopped target Local File Systems.
         Unmounting /run/user/1000...
[[0;32m  OK  [0m] Stopped Apply Kernel Variables.
[[0;32m  OK  [0m] Stopped Load Kernel Modules.
[[0;32m  OK  [0m] Stopped target Network (Pre).
[[0;32m  OK  [0m] Stopped Initial cloud-init job (pre-networking).
[[0;32m  OK  [0m] Unmounted /run/user/1000.
[[0;32m  OK  [0m] Reached target Unmount All Filesystems.
[[0;32m  OK  [0m] Stopped target Local File Systems (Pre).
[[0;32m  OK  [0m] Stopped Remount Root and Kernel File Systems.
         Stopping Monitoring of LVM2 mirrors... dmeventd or progress polling...
[[0;32m  OK  [0m] Stopped Create Static Device Nodes in /dev.
[[0;32m  OK  [0m] Reached target Shutdown.
[  215.257856] reboot: Power down
